// Jest Snapshot v1, https://goo.gl/fbAQLP

exports[`undefined 1`] = `
<div
  className="container"
  style={Object {}}
/>
`;
